// Jest Snapshot v1, https://goo.gl/fbAQLP

exports[`Row component Renders correctly 1`] = `
<div
  className="list-group-item list-group-item-success"
  disabled={false}
  onClick={[Function]}
>
  <div
    className="row"
  >
    <div
      className="col-2"
    >
      <select
        className="form-control"
        onChange={[Function]}
      >
        <option
          value="+"
        >
          +
        </option>
        <option
          value="-"
        >
          -
        </option>
      </select>
    </div>
    <div
      className="col-5"
    >
      <input
        className="form-control"
        onChange={[Function]}
        step="0.1"
        type="number"
      />
    </div>
    <div
      className="col-2"
    >
      <button
        className="btn btn-outline-danger"
        disabled={false}
        onClick={[Function]}
        type="button"
      >
        Delete
      </button>
    </div>
    <div
      className="col-3"
    >
      <button
        className="btn btn-warning"
        disabled={false}
        onClick={[Function]}
        type="button"
      >
        Disable
      </button>
    </div>
  </div>
</div>
`;
